V3 3
FL /home/sd/Desktop/Trabalho_2_SD/ULA/MUX_SELETOR_2VETORES_2BITS/MUX.vhd 2018/08/24.16:52:38 P.20131013
EN work/MUX 1535140364 \
      FL /home/sd/Desktop/Trabalho_2_SD/ULA/MUX_SELETOR_2VETORES_2BITS/MUX.vhd \
      PB ieee/std_logic_1164 1381692176
AR work/MUX/Behavioral 1535140365 \
      FL /home/sd/Desktop/Trabalho_2_SD/ULA/MUX_SELETOR_2VETORES_2BITS/MUX.vhd \
      EN work/MUX 1535140364
