EN full_adder_4bits NULL /home/patrick.braz/Documents/Materias/SistemasDigitais/AulaPratica/FULL_ADDER_4BITS/FULL_ADDER_4BITS.vhd sub00/vhpl02 1537562072
EN adder_1bit NULL /home/patrick.braz/Documents/Materias/SistemasDigitais/AulaPratica/FULL_ADDER_4BITS/ADDER_1BIT.vhd sub00/vhpl00 1537562070
AR adder_1bit behavioral /home/patrick.braz/Documents/Materias/SistemasDigitais/AulaPratica/FULL_ADDER_4BITS/ADDER_1BIT.vhd sub00/vhpl01 1537562071
EN multiplicador_4bits NULL /home/patrick.braz/Documents/Materias/SistemasDigitais/AulaPratica/MULTIPLICADOR/MULTIPLICADOR_4BITS/MULTIPLICADOR_4BITS.vhd sub00/vhpl04 1537562074
AR full_adder_4bits behavioral /home/patrick.braz/Documents/Materias/SistemasDigitais/AulaPratica/FULL_ADDER_4BITS/FULL_ADDER_4BITS.vhd sub00/vhpl03 1537562073
AR multiplicador_4bits behavioral /home/patrick.braz/Documents/Materias/SistemasDigitais/AulaPratica/MULTIPLICADOR/MULTIPLICADOR_4BITS/MULTIPLICADOR_4BITS.vhd sub00/vhpl05 1537562075
