EN adder_1bit NULL /home/gabriel-milan/GIT_REPOS/digitalsystems-01/MULTIPLICADOR_4BITS_v2/ADDER_1BIT.vhd sub00/vhpl01 1538755151
AR adder_1bit behavioral /home/gabriel-milan/GIT_REPOS/digitalsystems-01/MULTIPLICADOR_4BITS_v2/ADDER_1BIT.vhd sub00/vhpl02 1538755152
EN multiplicador_4bits NULL /home/gabriel-milan/GIT_REPOS/digitalsystems-01/MULTIPLICADOR_4BITS_v2/MULTIPLICADOR_4BITS.vhd sub00/vhpl00 1538755153
AR multiplicador_4bits behavioral /home/gabriel-milan/GIT_REPOS/digitalsystems-01/MULTIPLICADOR_4BITS_v2/MULTIPLICADOR_4BITS.vhd sub00/vhpl03 1538755154
