V3 7
FL /home/gabriel-milan/GIT_REPOS/digitalsystems-01/MULTIPLICADOR_4BITS_v2/ADDER_1BIT.vhd 2018/10/05.12:42:33 P.20131013
EN work/ADDER_1BIT 1538755151 \
      FL /home/gabriel-milan/GIT_REPOS/digitalsystems-01/MULTIPLICADOR_4BITS_v2/ADDER_1BIT.vhd \
      PB ieee/std_logic_1164 1381692176
AR work/ADDER_1BIT/Behavioral 1538755152 \
      FL /home/gabriel-milan/GIT_REPOS/digitalsystems-01/MULTIPLICADOR_4BITS_v2/ADDER_1BIT.vhd \
      EN work/ADDER_1BIT 1538755151
FL /home/gabriel-milan/GIT_REPOS/digitalsystems-01/MULTIPLICADOR_4BITS_v2/MULTIPLICADOR_4BITS.vhd 2018/10/05.12:58:51 P.20131013
EN work/MULTIPLICADOR_4BITS 1538755153 \
      FL /home/gabriel-milan/GIT_REPOS/digitalsystems-01/MULTIPLICADOR_4BITS_v2/MULTIPLICADOR_4BITS.vhd \
      PB ieee/std_logic_1164 1381692176
AR work/MULTIPLICADOR_4BITS/Behavioral 1538755154 \
      FL /home/gabriel-milan/GIT_REPOS/digitalsystems-01/MULTIPLICADOR_4BITS_v2/MULTIPLICADOR_4BITS.vhd \
      EN work/MULTIPLICADOR_4BITS 1538755153 CP ADDER_1BIT
