V3 3
FL /home/patrick.braz/Documents/Materias/SistemasDigitais/AulaPratica/AND/Or_AulaPratica/OR_4BITS.vhd 2018/09/21.16:04:25 P.20131013
EN work/OR_4BITS 1537556671 \
      FL /home/patrick.braz/Documents/Materias/SistemasDigitais/AulaPratica/AND/Or_AulaPratica/OR_4BITS.vhd \
      PB ieee/std_logic_1164 1381692176
AR work/OR_4BITS/Behavioral 1537556672 \
      FL /home/patrick.braz/Documents/Materias/SistemasDigitais/AulaPratica/AND/Or_AulaPratica/OR_4BITS.vhd \
      EN work/OR_4BITS 1537556671
